-------------------------------------------------------------------------------
      name:  <unnamed>
       log:  /workspace/analysis/output/an_cox.log
  log type:  text
 opened on:  31 Mar 2021, 23:39:39

. 
. use analysis/cr_append_process_data, clear

. 
.         
. *Composite
. *vs 2017_19-flu controls
. preserve

. keep if group==1|group==2
(155,016 observations deleted)

.         stcox exposed age1 age2 age3 male i.stp i.monthentry 

         failure _d:  readmission
   analysis time _t:  (exitdate-origin)
             origin:  time entrydate
  enter on or after:  time entrydate

Iteration 0:   log likelihood = -120364.12
Iteration 1:   log likelihood = -119447.11
Iteration 2:   log likelihood = -119436.79
Iteration 3:   log likelihood = -119436.79
Iteration 4:   log likelihood = -119436.79
Refining estimates:
Iteration 0:   log likelihood = -119436.79

Cox regression -- Breslow method for ties

No. of subjects =       32,123                  Number of obs    =      32,123
No. of failures =       12,024
Time at risk    =    4810892.5
                                                LR chi2(47)      =     1854.67
Log likelihood  =   -119436.79                  Prob > chi2      =      0.0000

------------------------------------------------------------------------------
          _t | Haz. Ratio   Std. Err.      z    P>|z|     [95% Conf. Interval]
-------------+----------------------------------------------------------------
     exposed |   .8727938   .0311626    -3.81   0.000     .8138043    .9360592
        age1 |   1.004848   .0021006     2.31   0.021     1.000739    1.008974
        age2 |   1.030697   .0036826     8.46   0.000     1.023505     1.03794
        age3 |   .8220627   .0180738    -8.91   0.000     .7873911    .8582611
        male |   1.000657   .0184677     0.04   0.972     .9651083    1.037516
             |
         stp |
          2  |   1.273043   .6376084     0.48   0.630     .4769969    3.397587
          3  |   1.314473    .659771     0.54   0.586     .4914843    3.515553
          4  |   1.283888   .6522304     0.49   0.623     .4743584    3.474943
          5  |   1.715942   .8798444     1.05   0.292     .6281327    4.687635
          6  |   1.407162   .7049772     0.68   0.495      .527107    3.756552
          7  |   1.100887   .5729686     0.18   0.853     .3969404    3.053232
          8  |   1.381481    .693144     0.64   0.520     .5167293    3.693402
          9  |   1.248584   .6307996     0.44   0.660     .4638535    3.360895
         10  |   1.444393   .7245079     0.73   0.464     .5404089    3.860542
         11  |   1.381896   .6938808     0.64   0.519     .5164975    3.697283
         12  |    1.16916   .5912189     0.31   0.757     .4339504    3.149982
         13  |   1.470584   .7390477     0.77   0.443     .5491803    3.937898
         14  |   1.444097   .7266241     0.73   0.465     .5386397    3.871633
         15  |   1.205896   .6060725     0.37   0.710     .4503019    3.229357
         16  |   1.318063   .6619575     0.55   0.582     .4925446    3.527171
         17  |    1.20528   .6096855     0.37   0.712     .4472102    3.248362
         18  |   1.542581    .774831     0.86   0.388     .5763599    4.128596
         19  |   1.464885   .7382246     0.76   0.449     .5455608    3.933364
         20  |   1.289141   .6519755     0.50   0.616      .478421    3.473686
         21  |   1.392002   .6978687     0.66   0.509     .5210708    3.718628
         22  |   1.513969   .7868414     0.80   0.425     .5466753    4.192801
         23  |    1.28433   .6469829     0.50   0.619     .4785006    3.447232
         24  |   1.295397   .7345091     0.46   0.648     .4263432    3.935923
         25  |   1.115081    .573996     0.21   0.832      .406578    3.058219
         26  |   1.287615   .6464429     0.50   0.615     .4813301    3.444522
         27  |   1.230437   .6178667     0.41   0.680     .4598613    3.292245
         28  |   1.369613   .6886582     0.63   0.532     .5112147    3.669378
         29  |   1.224279   .6165745     0.40   0.688      .456243    3.285222
         30  |   1.058051   .5329746     0.11   0.911     .3942108    2.839778
         31  |   1.039641   .6248339     0.06   0.948     .3201132    3.376474
         32  |   1.368666   .6856788     0.63   0.531     .5126959     3.65372
             |
  monthentry |
          2  |   1.116165   .0352553     3.48   0.001     1.049161    1.187448
          3  |   1.045336   .0356243     1.30   0.193     .9777945    1.117543
          4  |   1.027428   .0402036     0.69   0.489     .9515759    1.109326
          5  |   1.390492   .0610289     7.51   0.000     1.275878    1.515402
          6  |   1.681989   .0903167     9.68   0.000     1.513968    1.868657
          7  |   1.623341   .1109889     7.09   0.000     1.419752    1.856124
          8  |   1.517301   .1632739     3.87   0.000     1.228784    1.873562
          9  |   1.041445   .1256586     0.34   0.736     .8221143    1.319291
         10  |   .9400639   .0889627    -0.65   0.514     .7809158    1.131646
         11  |   .9928462   .1721779    -0.04   0.967     .7067534    1.394749
         12  |   .8900453   .0727025    -1.43   0.154     .7583724     1.04458
------------------------------------------------------------------------------

.         estimates save analysis/output/models/an_cox_COMPOSITEvsflu_MINADJ, r
> eplace
(note: file analysis/output/models/an_cox_COMPOSITEvsflu_MINADJ.ster not found)
file analysis/output/models/an_cox_COMPOSITEvsflu_MINADJ.ster saved

.         stcox exposed age1 age2 age3 male i.stp i.monthentry i.ethnicity i.im
> d 

         failure _d:  readmission
   analysis time _t:  (exitdate-origin)
             origin:  time entrydate
  enter on or after:  time entrydate

Iteration 0:   log likelihood = -87976.597
Iteration 1:   log likelihood = -87189.919
Iteration 2:   log likelihood = -87178.944
Iteration 3:   log likelihood = -87178.936
Iteration 4:   log likelihood = -87178.936
Refining estimates:
Iteration 0:   log likelihood = -87178.936

Cox regression -- Breslow method for ties

No. of subjects =       24,450                  Number of obs    =      24,450
No. of failures =        9,041
Time at risk    =      3632239
                                                LR chi2(55)      =     1595.32
Log likelihood  =   -87178.936                  Prob > chi2      =      0.0000

------------------------------------------------------------------------------
          _t | Haz. Ratio   Std. Err.      z    P>|z|     [95% Conf. Interval]
-------------+----------------------------------------------------------------
     exposed |   .8962589   .0367906    -2.67   0.008     .8269752    .9713472
        age1 |   1.001581   .0024247     0.65   0.514     .9968395    1.006344
        age2 |    1.03409   .0042815     8.10   0.000     1.025732    1.042516
        age3 |   .8131441   .0208554    -8.06   0.000     .7732787    .8550647
        male |   .9919979    .021139    -0.38   0.706     .9514194    1.034307
             |
         stp |
          2  |   1.867598   1.322235     0.88   0.378     .4662768    7.480371
          3  |    1.83768   1.303334     0.86   0.391     .4576929     7.37846
          4  |   1.748782   1.251066     0.78   0.435     .4303208     7.10688
          5  |   2.177646   1.570856     1.08   0.281     .5296248    8.953772
          6  |   2.050883    1.45223     1.01   0.310     .5119239    8.216305
          7  |   1.532057   1.112546     0.59   0.557      .369106    6.359143
          8  |   2.045834   1.450274     1.01   0.313     .5098719    8.208804
          9  |   1.879923   1.338727     0.89   0.375      .465569    7.590948
         10  |    2.16448    1.53398     1.09   0.276     .5396372    8.681708
         11  |   2.085756   1.479107     1.04   0.300     .5195612    8.373176
         12  |     1.8337   1.305895     0.85   0.395     .4540808    7.404972
         13  |   2.207981   1.566464     1.12   0.264     .5496745    8.869209
         14  |   2.187033    1.55309     1.10   0.270     .5437346    8.796781
         15  |   1.829449   1.298146     0.85   0.395     .4553254    7.350529
         16  |   1.920084   1.362217     0.92   0.358     .4780016    7.712784
         17  |   1.741846   1.241354     0.78   0.436     .4309105    7.040965
         18  |    2.53172   1.796238     1.31   0.190     .6302226    10.17038
         19  |   2.174228   1.546914     1.09   0.275     .5391311    8.768307
         20  |   1.988631   1.418205     0.96   0.335     .4914897    8.046257
         21  |    2.29213    1.62411     1.17   0.242     .5716268    9.191068
         22  |   2.578274   1.866381     1.31   0.191     .6239568    10.65378
         23  |   1.867127   1.329466     0.88   0.381     .4624719    7.538106
         24  |   3.106432   2.456821     1.43   0.152     .6592678    14.63733
         25  |   1.399547   1.027299     0.46   0.647     .3320372    5.899136
         26  |   1.964188   1.393775     0.95   0.341     .4888506    7.892053
         27  |   1.882293   1.335866     0.89   0.373     .4683696      7.5646
         28  |   1.948904   1.383869     0.94   0.347     .4845885    7.838045
         29  |   1.745348   1.241376     0.78   0.434     .4329786    7.035542
         30  |   1.436142   1.022147     0.51   0.611     .3559346    5.794611
         31  |   1.627696    1.32942     0.60   0.551     .3283632    8.068483
         32  |    1.96091   1.388547     0.95   0.342     .4894526     7.85606
             |
  monthentry |
          2  |   1.132063   .0414898     3.38   0.001     1.053596    1.216373
          3  |   1.044207   .0417961     1.08   0.280     .9654192    1.129425
          4  |   1.015097   .0461067     0.33   0.741     .9286351    1.109609
          5  |   1.380662    .070009     6.36   0.000     1.250045    1.524927
          6  |   1.675449   .1029008     8.40   0.000     1.485433    1.889772
          7  |   1.586667   .1251153     5.85   0.000     1.359455    1.851853
          8  |   1.496082    .184429     3.27   0.001     1.174962    1.904965
          9  |   1.015505   .1400062     0.11   0.911     .7750471    1.330564
         10  |   .9974249   .1045456    -0.02   0.980     .8121965    1.224896
         11  |   1.118735   .2105675     0.60   0.551     .7735973    1.617856
         12  |   .8476421   .0821247    -1.71   0.088     .7010402    1.024901
             |
   ethnicity |
      Mixed  |   .7829899   .0921853    -2.08   0.038     .6216415    .9862166
Asian or ..  |   .7316067   .0302201    -7.57   0.000     .6747106    .7933007
      Black  |   .7206148     .05183    -4.56   0.000     .6258652    .8297085
      Other  |   .6413965   .0627034    -4.54   0.000     .5295568    .7768562
             |
         imd |
          2  |   1.059953   .0359385     1.72   0.086     .9918042    1.132784
          3  |   1.042387   .0360341     1.20   0.230     .9741006     1.11546
          4  |   1.081482   .0374931     2.26   0.024     1.010438    1.157521
5 most de..  |    1.17336   .0416646     4.50   0.000     1.094476     1.25793
------------------------------------------------------------------------------

.         estimates save analysis/output/models/an_cox_COMPOSITEvsflu_DEMOGADJ,
>  replace
(note: file analysis/output/models/an_cox_COMPOSITEvsflu_DEMOGADJ.ster not foun
> d)
file analysis/output/models/an_cox_COMPOSITEvsflu_DEMOGADJ.ster saved

.         stcox exposed age1 age2 age3 male i.stp i.monthentry  i.ethnicity i.i
> md i.obese4cat i.smoke_nomiss 

         failure _d:  readmission
   analysis time _t:  (exitdate-origin)
             origin:  time entrydate
  enter on or after:  time entrydate

Iteration 0:   log likelihood = -87976.597
Iteration 1:   log likelihood = -87157.169
Iteration 2:   log likelihood =  -87146.03
Iteration 3:   log likelihood = -87146.023
Iteration 4:   log likelihood = -87146.023
Refining estimates:
Iteration 0:   log likelihood = -87146.023

Cox regression -- Breslow method for ties

No. of subjects =       24,450                  Number of obs    =      24,450
No. of failures =        9,041
Time at risk    =      3632239
                                                LR chi2(60)      =     1661.15
Log likelihood  =   -87146.023                  Prob > chi2      =      0.0000

------------------------------------------------------------------------------
          _t | Haz. Ratio   Std. Err.      z    P>|z|     [95% Conf. Interval]
-------------+----------------------------------------------------------------
     exposed |   .9195912   .0379312    -2.03   0.042     .8481733    .9970227
        age1 |   1.000907   .0024344     0.37   0.709     .9961468    1.005689
        age2 |   1.034443   .0043105     8.13   0.000     1.026029    1.042926
        age3 |   .8164235   .0209997    -7.89   0.000     .7762852    .8586372
        male |   .9750607   .0210409    -1.17   0.242     .9346813    1.017185
             |
         stp |
          2  |   1.943358   1.376067     0.94   0.348     .4850962    7.785345
          3  |   1.914199   1.357819     0.92   0.360     .4766456    7.687385
          4  |   1.832541   1.311148     0.85   0.397     .4508537    7.448554
          5  |   2.252333   1.625007     1.13   0.260     .5476586    9.263077
          6  |    2.14474   1.518931     1.08   0.281     .5352339    8.594207
          7  |   1.583926   1.150343     0.63   0.527     .3815408    6.575502
          8  |   2.144619   1.520534     1.08   0.282     .5343781       8.607
          9  |   1.952045   1.390257     0.94   0.348     .4833476     7.88352
         10  |   2.260578   1.602328     1.15   0.250     .5634773    9.069067
         11  |   2.178383   1.545014     1.10   0.272     .5425266     8.74676
         12  |   1.920777   1.368133     0.92   0.359     .4755348    7.758392
         13  |   2.303328   1.634353     1.18   0.240     .5732919    9.254135
         14  |   2.280138   1.619417     1.16   0.246     .5667795    9.172929
         15  |   1.906723    1.35317     0.91   0.363     .4744649    7.662514
         16  |   2.013119   1.428438     0.99   0.324     .5010563    8.088205
         17  |   1.806855   1.287828     0.83   0.407     .4469233    7.304886
         18  |   2.640431   1.873643     1.37   0.171     .6571502    10.60926
         19  |   2.256163   1.605416     1.14   0.253     .5593474    9.100377
         20  |   2.087127    1.48867     1.03   0.302     .5157257    8.446544
         21  |   2.393131   1.695924     1.23   0.218     .5966937    9.598021
         22  |   2.726245   1.973863     1.39   0.166     .6595927    11.26818
         23  |   1.952033   1.390108     0.94   0.348     .4834127    7.882358
         24  |   3.264283    2.58211     1.50   0.135     .6925819    15.38525
         25  |   1.467182   1.077108     0.52   0.602      .348007    6.185571
         26  |   2.058295   1.460814     1.02   0.309     .5121445     8.27223
         27  |   1.965092   1.394791     0.95   0.341     .4888926    7.898641
         28  |   2.038284   1.447541     1.00   0.316     .5067129    8.199127
         29  |   1.822735   1.296639     0.84   0.399     .4520686    7.349244
         30  |   1.522505   1.083794     0.59   0.555     .3772523    6.144491
         31  |   1.687151   1.378188     0.64   0.522     .3402753    8.365221
         32  |   2.043862   1.447507     1.01   0.313     .5100491    8.190133
             |
  monthentry |
          2  |   1.135571    .041631     3.47   0.001     1.056838    1.220169
          3  |   1.049596   .0420219     1.21   0.227     .9703827    1.135275
          4  |   1.025197   .0465901     0.55   0.584     .9378306    1.120702
          5  |   1.388118   .0704407     6.46   0.000       1.2567    1.533278
          6  |   1.682407   .1034094     8.46   0.000     1.491461    1.897799
          7  |   1.593896   .1257898     5.91   0.000     1.365474     1.86053
          8  |   1.495846   .1844442     3.27   0.001     1.174708    1.904775
          9  |    1.02973   .1420162     0.21   0.832     .7858314    1.349329
         10  |    1.00749    .105645     0.07   0.943      .820322    1.237364
         11  |   1.130128   .2127601     0.65   0.516     .7814099    1.634468
         12  |   .8542843   .0827786    -1.63   0.104     .7065169    1.032957
             |
   ethnicity |
      Mixed  |   .8077728   .0951888    -1.81   0.070     .6411841    1.017644
Asian or ..  |   .7732319   .0326022    -6.10   0.000     .7119019    .8398455
      Black  |   .7522512   .0543034    -3.94   0.000     .6530049    .8665813
      Other  |   .6633063   .0649603    -4.19   0.000       .54746    .8036664
             |
         imd |
          2  |   1.051619   .0356783     1.48   0.138     .9839648    1.123924
          3  |   1.029892   .0356649     0.85   0.395     .9623095    1.102221
          4  |   1.063332   .0370209     1.76   0.078     .9931929    1.138425
5 most de..  |   1.143334   .0409273     3.74   0.000     1.065867    1.226431
             |
   obese4cat |
Obese I ..)  |   .9640123   .0264778    -1.33   0.182     .9134889     1.01733
Obese II..)  |   .9989663   .0379921    -0.03   0.978     .9272107    1.076275
Obese II..)  |   .9024473   .0458474    -2.02   0.043      .816917    .9969325
             |
smoke_nomiss |
     Former  |   1.135497   .0280046     5.15   0.000     1.081915    1.191733
    Current  |   1.295363   .0452533     7.41   0.000     1.209637    1.387165
------------------------------------------------------------------------------

.         estimates save analysis/output/models/an_cox_COMPOSITEvsflu_DEMOGLSTY
> LADJ, replace
(note: file analysis/output/models/an_cox_COMPOSITEvsflu_DEMOGLSTYLADJ.ster not
>  found)
file analysis/output/models/an_cox_COMPOSITEvsflu_DEMOGLSTYLADJ.ster saved

.         stcox exposed age1 age2 age3 male i.stp i.monthentry i.ethnicity i.im
> d i.obese4cat i.smoke_nomiss htdiag chronic_respiratory_disease i.asthmacat c
> hronic_cardiac_disease i.diabcat i.cancer_exhaem_cat i.cancer_haem_cat i.redu
> ced_kidney_function_cat2 chronic_liver_disease stroke dementia other_neuro or
> gan_transplant spleen ra_sle_psoriasis other_immunosuppression 

         failure _d:  readmission
   analysis time _t:  (exitdate-origin)
             origin:  time entrydate
  enter on or after:  time entrydate

Iteration 0:   log likelihood = -87976.597
Iteration 1:   log likelihood = -87503.042
Iteration 2:   log likelihood = -86628.331
Iteration 3:   log likelihood =   -86474.2
Iteration 4:   log likelihood = -86452.497
Iteration 5:   log likelihood = -86451.403
Iteration 6:   log likelihood = -86451.398
Refining estimates:
Iteration 0:   log likelihood = -86451.398

Cox regression -- Breslow method for ties

No. of subjects =       24,450                  Number of obs    =      24,450
No. of failures =        9,041
Time at risk    =      3632239
                                                LR chi2(85)      =     3050.40
Log likelihood  =   -86451.398                  Prob > chi2      =      0.0000

------------------------------------------------------------------------------
          _t | Haz. Ratio   Std. Err.      z    P>|z|     [95% Conf. Interval]
-------------+----------------------------------------------------------------
     exposed |   .9300534   .0385689    -1.75   0.080     .8574503    1.008804
        age1 |   .9968319   .0024416    -1.30   0.195     .9920578    1.001629
        age2 |   1.023106   .0043219     5.41   0.000      1.01467    1.031612
        age3 |   .8964798   .0234255    -4.18   0.000     .8517226     .943589
        male |   .9327435   .0204691    -3.17   0.002     .8934753    .9737375
             |
         stp |
          2  |   2.570634   1.822099     1.33   0.183      .640763    10.31295
          3  |   2.641876   1.876038     1.37   0.171     .6568421    10.62586
          4  |   2.458226   1.760515     1.26   0.209     .6039683    10.00528
          5  |   3.081887   2.225713     1.56   0.119     .7483175    12.69251
          6  |   2.744523   1.945657     1.42   0.154     .6839588    11.01295
          7  |   2.173946   1.580544     1.07   0.285      .522868     9.03869
          8  |   2.927535   2.077768     1.51   0.130     .7284107    11.76597
          9  |   2.587803   1.844966     1.33   0.182     .6398379    10.46628
         10  |   3.124679   2.217065     1.61   0.108      .777767     12.5534
         11  |   2.943362    2.08975     1.52   0.128     .7319831    11.83549
         12  |   2.628982   1.874456     1.36   0.175      .649955    10.63388
         13  |   3.108526   2.208105     1.60   0.110     .7725267    12.50822
         14  |   3.032007   2.155556     1.56   0.119     .7526311    12.21457
         15  |   2.596615   1.844676     1.34   0.179     .6452097    10.44995
         16  |   2.763648   1.963146     1.43   0.152     .6868078    11.12065
         17  |   2.342342   1.671082     1.19   0.233     .5786065    9.482382
         18  |    3.58408   2.546029     1.80   0.072     .8906523    14.42272
         19  |   3.064355   2.182865     1.57   0.116     .7585666    12.37897
         20  |   2.848681   2.033955     1.47   0.143     .7028894    11.54518
         21  |   3.175102   2.252452     1.63   0.103     .7905072    12.75291
         22  |   3.546988   2.570649     1.75   0.081     .8569564    14.68117
         23  |    2.51622   1.793754     1.29   0.196     .6222245    10.17537
         24  |   4.629625   3.666212     1.94   0.053     .9805667    21.85821
         25  |   1.883183   1.383916     0.86   0.389     .4460261    7.951056
         26  |   2.806832   1.994046     1.45   0.146     .6974301    11.29619
         27  |   2.661744   1.891061     1.38   0.168      .661336    10.71298
         28  |    2.70699   1.924336     1.40   0.161     .6720276      10.904
         29  |   2.408722   1.715321     1.23   0.217     .5965146      9.7264
         30  |   2.070859   1.475633     1.02   0.307     .5124003    8.369347
         31  |   2.413781    1.97363     1.08   0.281     .4860849    11.98625
         32  |    2.67264   1.894831     1.39   0.166     .6659799    10.72555
             |
  monthentry |
          2  |   1.146234   .0421497     3.71   0.000     1.066529    1.231895
          3  |   1.064287   .0426964     1.55   0.120     .9838086    1.151348
          4  |   1.040363   .0473842     0.87   0.385     .9515162    1.137505
          5  |   1.393028    .070892     6.51   0.000     1.260787     1.53914
          6  |   1.661848   .1023805     8.24   0.000     1.472827    1.875127
          7  |   1.582772    .125391     5.80   0.000      1.35514    1.848641
          8  |   1.438963   .1777323     2.95   0.003     1.129573    1.833096
          9  |   1.128686   .1559112     0.88   0.381      .860979    1.479633
         10  |   1.035377   .1085166     0.33   0.740     .8431116    1.271487
         11  |   1.050833   .1979435     0.26   0.792     .7264308    1.520103
         12  |   .8783209   .0852255    -1.34   0.181     .7262049      1.0623
             |
   ethnicity |
      Mixed  |   .8450634   .0997686    -1.43   0.154     .6704957    1.065081
Asian or ..  |   .7659708   .0327194    -6.24   0.000     .7044532    .8328607
      Black  |   .7591579   .0550781    -3.80   0.000     .6585308    .8751614
      Other  |    .680554   .0667354    -3.92   0.000     .5615565    .8247679
             |
         imd |
          2  |   1.030078   .0349922     0.87   0.383      .963728    1.100996
          3  |   .9941186   .0345417    -0.17   0.865     .9286719    1.064178
          4  |   1.014462   .0355086     0.41   0.682     .9472004    1.086501
5 most de..  |    1.09359   .0393846     2.48   0.013     1.019059    1.173572
             |
   obese4cat |
Obese I ..)  |   .9503452   .0264884    -1.83   0.068     .8998215    1.003706
Obese II..)  |   .9583717   .0369499    -1.10   0.270     .8886198    1.033599
Obese II..)  |   .8730719   .0451433    -2.63   0.009     .7889283    .9661899
             |
smoke_nomiss |
     Former  |   1.032326   .0261074     1.26   0.208     .9824042    1.084785
    Current  |   1.178091   .0423036     4.56   0.000     1.098028    1.263992
             |
htdiag_or_~p |   1.036059   .0261329     1.40   0.160     .9860854    1.088566
chronic_re~e |   1.376438   .0355212    12.38   0.000     1.308549    1.447849
             |
   asthmacat |
Yes, no OCS  |   1.107131   .0319848     3.52   0.000     1.046184    1.171629
Yes with ..  |   1.107038   .0463737     2.43   0.015     1.019778    1.201764
             |
chronic_ca~e |   1.356008   .0337267    12.24   0.000      1.29149    1.423748
             |
     diabcat |
Controlle..  |   1.052332   .0300609     1.79   0.074     .9950331    1.112931
Uncontrol..  |   1.105613    .038349     2.89   0.004     1.032948     1.18339
Diabetes,..  |   1.178524   .0953772     2.03   0.042      1.00566    1.381101
             |
cancer_exh~t |
  Last year  |   2.920844   .1629798    19.21   0.000     2.618257    3.258401
2-5 years..  |   1.511853   .0765152     8.17   0.000     1.369084     1.66951
   5+ years  |   1.182658   .0446674     4.44   0.000     1.098273    1.273526
             |
cancer_hae~t |
  Last year  |   5.108971   .5309179    15.69   0.000      4.16752    6.263099
2-5 years..  |   1.983289   .1629686     8.33   0.000     1.688271    2.329861
   5+ years  |   1.703604   .1243791     7.30   0.000     1.476465    1.965687
             |
reduced_ki~2 |
Stage 3a/..  |   1.104118   .0315251     3.47   0.001     1.044027    1.167668
Stage 4 e..  |   1.436353   .0875204     5.94   0.000     1.274663    1.618553
Stage 5 e..  |    2.45405   .1621254    13.59   0.000     2.156003      2.7933
             |
chronic_li~e |   1.419151   .1038949     4.78   0.000     1.229456    1.638115
      stroke |    1.15485   .0418261     3.98   0.000     1.075714    1.239807
    dementia |   1.054393   .0710944     0.79   0.432      .923865    1.203362
 other_neuro |   1.274248   .0649522     4.75   0.000     1.153097    1.408128
organ_tran~t |    1.07886   .1098187     0.75   0.456     .8837306    1.317073
      spleen |   1.375931   .1771455     2.48   0.013     1.069074    1.770865
ra_sle_pso~s |   1.136471   .0395883     3.67   0.000     1.061469    1.216772
other_immu~n |   1.549233   .1869472     3.63   0.000      1.22293    1.962601
------------------------------------------------------------------------------

.         estimates save analysis/output/models/an_cox_COMPOSITEvsflu_FULLADJ, 
> replace
(note: file analysis/output/models/an_cox_COMPOSITEvsflu_FULLADJ.ster not found
> )
file analysis/output/models/an_cox_COMPOSITEvsflu_FULLADJ.ster saved

. restore

. 
. *vs 2019 general pop age/sex/stp matched controls
. preserve

.         keep if group==1|group==4
(91,736 observations deleted)

.         stcox exposed, strata(setid)

         failure _d:  readmission
   analysis time _t:  (exitdate-origin)
             origin:  time entrydate
  enter on or after:  time entrydate

Iteration 0:   log likelihood = -27467.903
Iteration 1:   log likelihood =   -26159.9
Iteration 2:   log likelihood =  -25973.29
Iteration 3:   log likelihood = -25973.218
Refining estimates:
Iteration 0:   log likelihood = -25973.218

Stratified Cox regr. -- Breslow method for ties

No. of subjects =       95,403                  Number of obs    =      95,403
No. of failures =       16,463
Time at risk    =   14623659.5
                                                LR chi2(1)       =     2989.37
Log likelihood  =   -25973.218                  Prob > chi2      =      0.0000

------------------------------------------------------------------------------
          _t | Haz. Ratio   Std. Err.      z    P>|z|     [95% Conf. Interval]
-------------+----------------------------------------------------------------
     exposed |   2.903523   .0533941    57.96   0.000     2.800736    3.010083
------------------------------------------------------------------------------
                                                           Stratified by setid

.         estimates save analysis/output/models/an_cox_COMPOSITEvs2019gp_MINADJ
> , replace
(note: file analysis/output/models/an_cox_COMPOSITEvs2019gp_MINADJ.ster not fou
> nd)
file analysis/output/models/an_cox_COMPOSITEvs2019gp_MINADJ.ster saved

.         stcox exposed i.ethnicity i.imd , strata(setid)

         failure _d:  readmission
   analysis time _t:  (exitdate-origin)
             origin:  time entrydate
  enter on or after:  time entrydate

Iteration 0:   log likelihood = -17520.633
Iteration 1:   log likelihood = -16557.545
Iteration 2:   log likelihood = -16502.247
Iteration 3:   log likelihood = -16502.246
Refining estimates:
Iteration 0:   log likelihood = -16502.246

Stratified Cox regr. -- Breslow method for ties

No. of subjects =       71,758                  Number of obs    =      71,758
No. of failures =       12,427
Time at risk    =     10955574
                                                LR chi2(9)       =     2036.77
Log likelihood  =   -16502.246                  Prob > chi2      =      0.0000

------------------------------------------------------------------------------
          _t | Haz. Ratio   Std. Err.      z    P>|z|     [95% Conf. Interval]
-------------+----------------------------------------------------------------
     exposed |   2.848072   .0643483    46.32   0.000     2.724704    2.977027
             |
   ethnicity |
      Mixed  |   .8762382   .1059427    -1.09   0.275     .6913637    1.110549
Asian or ..  |   .8701773   .0385731    -3.14   0.002     .7977666    .9491606
      Black  |   .7645206   .0536762    -3.82   0.000     .6662347    .8773062
      Other  |   .6930455   .0647086    -3.93   0.000      .577147     .832218
             |
         imd |
          2  |   1.059816   .0366687     1.68   0.093     .9903296    1.134178
          3  |   1.072881   .0374761     2.01   0.044     1.001887    1.148906
          4  |   1.104157   .0390175     2.80   0.005     1.030272     1.18334
5 most de..  |    1.20974   .0434791     5.30   0.000     1.127455    1.298031
------------------------------------------------------------------------------
                                                           Stratified by setid

.         estimates save analysis/output/models/an_cox_COMPOSITEvs2019gp_DEMOGA
> DJ, replace
(note: file analysis/output/models/an_cox_COMPOSITEvs2019gp_DEMOGADJ.ster not f
> ound)
file analysis/output/models/an_cox_COMPOSITEvs2019gp_DEMOGADJ.ster saved

.         stcox exposed i.ethnicity i.imd i.obese4cat i.smoke_nomiss , strata(s
> etid) 

         failure _d:  readmission
   analysis time _t:  (exitdate-origin)
             origin:  time entrydate
  enter on or after:  time entrydate

Iteration 0:   log likelihood = -17520.633
Iteration 1:   log likelihood = -16481.461
Iteration 2:   log likelihood = -16428.093
Iteration 3:   log likelihood = -16428.091
Refining estimates:
Iteration 0:   log likelihood = -16428.091

Stratified Cox regr. -- Breslow method for ties

No. of subjects =       71,758                  Number of obs    =      71,758
No. of failures =       12,427
Time at risk    =     10955574
                                                LR chi2(14)      =     2185.08
Log likelihood  =   -16428.091                  Prob > chi2      =      0.0000

------------------------------------------------------------------------------
          _t | Haz. Ratio   Std. Err.      z    P>|z|     [95% Conf. Interval]
-------------+----------------------------------------------------------------
     exposed |   2.816118   .0645829    45.15   0.000     2.692341    2.945586
             |
   ethnicity |
      Mixed  |   .9120238    .110477    -0.76   0.447     .7192781     1.15642
Asian or ..  |   .9590629   .0433342    -0.93   0.355     .8777816    1.047871
      Black  |    .811158    .057196    -2.97   0.003     .7064573    .9313759
      Other  |   .7295187   .0683135    -3.37   0.001     .6071952     .876485
             |
         imd |
          2  |   1.048397   .0363664     1.36   0.173     .9794891    1.122153
          3  |   1.047032   .0367224     1.31   0.190     .9774755    1.121538
          4  |   1.061011   .0377701     1.66   0.096     .9895065    1.137683
5 most de..  |   1.142354   .0415627     3.66   0.000     1.063729     1.22679
             |
   obese4cat |
Obese I ..)  |   1.005077   .0286568     0.18   0.859     .9504515    1.062843
Obese II..)  |   1.127475   .0491649     2.75   0.006     1.035117    1.228074
Obese II..)  |   1.164149   .0754133     2.35   0.019      1.02534     1.32175
             |
smoke_nomiss |
     Former  |   1.232663   .0300615     8.58   0.000     1.175129    1.293013
    Current  |   1.496932   .0571869    10.56   0.000     1.388942    1.613319
------------------------------------------------------------------------------
                                                           Stratified by setid

.         estimates save analysis/output/models/an_cox_COMPOSITEvs2019gp_DEMOGL
> STYLADJ, replace
(note: file analysis/output/models/an_cox_COMPOSITEvs2019gp_DEMOGLSTYLADJ.ster 
> not found)
file analysis/output/models/an_cox_COMPOSITEvs2019gp_DEMOGLSTYLADJ.ster saved

.         stcox exposed i.ethnicity i.imd i.obese4cat i.smoke_nomiss htdiag chr
> onic_respiratory_disease i.asthmacat chronic_cardiac_disease i.diabcat i.canc
> er_exhaem_cat i.cancer_haem_cat i.reduced_kidney_function_cat2 chronic_liver_
> disease stroke dementia other_neuro organ_transplant spleen ra_sle_psoriasis 
> other_immunosuppression, strata(setid)

         failure _d:  readmission
   analysis time _t:  (exitdate-origin)
             origin:  time entrydate
  enter on or after:  time entrydate

Iteration 0:   log likelihood = -17520.633
Iteration 1:   log likelihood = -15888.966
Iteration 2:   log likelihood = -15846.545
Iteration 3:   log likelihood = -15846.475
Iteration 4:   log likelihood = -15846.475
Refining estimates:
Iteration 0:   log likelihood = -15846.475

Stratified Cox regr. -- Breslow method for ties

No. of subjects =       71,758                  Number of obs    =      71,758
No. of failures =       12,427
Time at risk    =     10955574
                                                LR chi2(39)      =     3348.32
Log likelihood  =   -15846.475                  Prob > chi2      =      0.0000

------------------------------------------------------------------------------
          _t | Haz. Ratio   Std. Err.      z    P>|z|     [95% Conf. Interval]
-------------+----------------------------------------------------------------
     exposed |   2.384246   .0574067    36.09   0.000     2.274344    2.499458
             |
   ethnicity |
      Mixed  |   .8828554   .1084604    -1.01   0.310     .6939336    1.123211
Asian or ..  |   .9117973   .0426314    -1.97   0.048     .8319556    .9993014
      Black  |   .7785673   .0564186    -3.45   0.001     .6754825    .8973837
      Other  |   .7527656   .0715053    -2.99   0.003     .6248906    .9068085
             |
         imd |
          2  |   1.030945   .0364267     0.86   0.388     .9619659     1.10487
          3  |     1.0026   .0358559     0.07   0.942     .9347305    1.075398
          4  |   1.007485   .0366457     0.21   0.838     .9381617    1.081932
5 most de..  |   1.066153   .0396592     1.72   0.085     .9911888    1.146788
             |
   obese4cat |
Obese I ..)  |   .9638076    .028418    -1.25   0.211     .9096882    1.021147
Obese II..)  |   1.043055   .0469489     0.94   0.349     .9549794    1.139255
Obese II..)  |   1.064764   .0709917     0.94   0.347     .9343312    1.213406
             |
smoke_nomiss |
     Former  |    1.13605   .0286439     5.06   0.000     1.081274    1.193602
    Current  |   1.341443   .0531954     7.41   0.000     1.241131    1.449863
             |
htdiag_or_~p |   1.039812   .0270738     1.50   0.134     .9880794    1.094253
chronic_re~e |   1.375495    .044646     9.82   0.000     1.290716    1.465843
             |
   asthmacat |
Yes, no OCS  |    1.09003   .0358987     2.62   0.009     1.021893    1.162711
Yes with ..  |   1.341335   .0835386     4.72   0.000     1.187201     1.51548
             |
chronic_ca~e |    1.36172   .0371531    11.32   0.000     1.290814    1.436521
             |
     diabcat |
Controlle..  |   1.128528   .0344108     3.97   0.000      1.06306    1.198028
Uncontrol..  |   1.221821   .0533198     4.59   0.000     1.121661    1.330925
Diabetes,..  |   1.122321   .1086266     1.19   0.233     .9283926    1.356759
             |
cancer_exh~t |
  Last year  |    3.17169   .2526128    14.49   0.000     2.713287    3.707538
2-5 years..  |   1.754223   .0984339    10.02   0.000     1.571527    1.958159
   5+ years  |   1.225476   .0486079     5.13   0.000     1.133815    1.324547
             |
cancer_hae~t |
  Last year  |     3.2587   .7133819     5.40   0.000     2.121791    5.004792
2-5 years..  |   2.451646   .3438437     6.39   0.000     1.862416    3.227296
   5+ years  |   1.563429   .1764062     3.96   0.000     1.253241    1.950391
             |
reduced_ki~2 |
Stage 3a/..  |   1.085725   .0323818     2.76   0.006     1.024077    1.151084
Stage 4 e..  |   1.439192   .1031403     5.08   0.000     1.250596    1.656229
Stage 5 e..  |   3.592532   .4633729     9.91   0.000     2.790042     4.62584
             |
chronic_li~e |   1.812471   .1713377     6.29   0.000      1.50593    2.181411
      stroke |   1.374605   .0609284     7.18   0.000     1.260228    1.499364
    dementia |   1.237939   .1004855     2.63   0.009     1.055859    1.451418
 other_neuro |   1.497265   .1015551     5.95   0.000     1.310883    1.710146
organ_tran~t |   1.028746   .2289629     0.13   0.899     .6650596    1.591314
      spleen |   1.601756   .2986065     2.53   0.012     1.111505    2.308241
ra_sle_pso~s |   1.225007   .0489444     5.08   0.000     1.132737    1.324792
other_immu~n |   1.136649   .2198489     0.66   0.508     .7780157    1.660598
------------------------------------------------------------------------------
                                                           Stratified by setid

.         estimates save analysis/output/models/an_cox_COMPOSITEvs2019gp_FULLAD
> J, replace
(note: file analysis/output/models/an_cox_COMPOSITEvs2019gp_FULLADJ.ster not fo
> und)
file analysis/output/models/an_cox_COMPOSITEvs2019gp_FULLADJ.ster saved

. restore

. 
. *Death
. *vs 2017_19-flu controls
. preserve

.         include analysis/setfordeath.doi

. 
. *Code chunk for looking at death outcome
. 
. summ died_date_ons, f d

                        died_date_ons
-------------------------------------------------------------
      Percentiles      Smallest
 1%    17mar2019      01feb2019
 5%    03may2019      01feb2019
10%    12jun2019      01feb2019       Obs              37,000
25%    19sep2019      01feb2019       Sum of Wgt.      37,000

50%    08feb2020                      Mean          26feb2020
                        Largest       Std. Dev.      199.3367
75%    05aug2020      12mar2021
90%    21dec2020      12mar2021       Variance       39735.13
95%    24jan2021      12mar2021       Skewness       .1845416
99%    26feb2021      14mar2021       Kurtosis       1.955246

. scalar deathcensor = r(max)-30

. gen deathexit = died_date_ons if died_date_ons<deathcensor
(151,050 missing values generated)

. gen deathindicator = died_date_ons<deathcensor

. replace deathexit = deathcensor if deathexit==.
(151,050 real changes made)

. gen deathfup = deathexit-entrydate

. summ deathfup if group==1

    Variable |        Obs        Mean    Std. Dev.       Min        Max
-------------+---------------------------------------------------------
    deathfup |     15,901    238.0728     82.6246          0        359

. local maxfupexposed = r(max)

. replace deathindicator = 0 if deathexit>(entrydate + `maxfupexposed')
(11,082 real changes made)

. replace deathexit = entrydate + r(max) if deathexit>(entrydate + `maxfupexpos
> ed')
(147,884 real changes made)

. stset deathexit, enter(entrydate) fail(deathindicator) origin(entrydate)

     failure event:  deathindicator != 0 & deathindicator < .
obs. time interval:  (origin, deathexit]
 enter on or after:  time entrydate
 exit on or before:  failure
    t for analysis:  (time-origin)
            origin:  time entrydate

------------------------------------------------------------------------------
    187,139  total observations
        244  observations end on or before enter()
------------------------------------------------------------------------------
    186,895  observations remaining, representing
     24,763  failures in single-record/single-failure data
   60202610  total analysis time at risk and under observation
                                                at risk from t =         0
                                     earliest observed entry t =         0
                                          last observed exit t =       359

. 
.         keep if group==1|group==2
(155,016 observations deleted)

.         stcox exposed age1 age2 age3 male i.region_real i.monthentry 

         failure _d:  deathindicator
   analysis time _t:  (deathexit-origin)
             origin:  time entrydate
  enter on or after:  time entrydate

Iteration 0:   log likelihood = -22911.397
Iteration 1:   log likelihood = -21623.052
Iteration 2:   log likelihood =  -21463.44
Iteration 3:   log likelihood = -21455.853
Iteration 4:   log likelihood =  -21455.51
Iteration 5:   log likelihood = -21455.509
Iteration 6:   log likelihood = -21455.509
Refining estimates:
Iteration 0:   log likelihood = -21455.509

Cox regression -- Breslow method for ties

No. of subjects =       32,047                  Number of obs    =      32,047
No. of failures =        2,234
Time at risk    =      9487614
                                                LR chi2(24)      =     2911.78
Log likelihood  =   -21455.509                  Prob > chi2      =      0.0000

------------------------------------------------------------------------------
          _t | Haz. Ratio   Std. Err.      z    P>|z|     [95% Conf. Interval]
-------------+----------------------------------------------------------------
     exposed |   2.717898   .2838909     9.57   0.000     2.214742    3.335363
        age1 |   1.077866   .0123649     6.54   0.000     1.053901    1.102375
        age2 |    .994135   .0146616    -0.40   0.690     .9658102     1.02329
        age3 |   .9677201    .069278    -0.46   0.647     .8410334     1.11349
        male |   1.205113   .0518239     4.34   0.000     1.107703    1.311089
             |
 region_real |
East Midl..  |   1.043216   .0720427     0.61   0.540     .9111535    1.194419
     London  |   .7204494   .0752655    -3.14   0.002     .5870543    .8841557
 North East  |    1.17041   .1017128     1.81   0.070     .9871096    1.387747
 North West  |   1.192364   .0930327     2.25   0.024     1.023281    1.389385
 South East  |   .9644235   .1030584    -0.34   0.735     .7821829    1.189124
 South West  |   .8838048   .0778699    -1.40   0.161     .7436337    1.050397
West Midl..  |   .9245385    .097213    -0.75   0.456     .7523557    1.136127
Yorkshire..  |   .9679674   .0707034    -0.45   0.656     .8388538    1.116954
             |
  monthentry |
          2  |   1.596349   .2012264     3.71   0.000     1.246896    2.043738
          3  |    1.74841   .2217852     4.40   0.000     1.363543    2.241909
          4  |    1.90026   .2513677     4.85   0.000     1.466275    2.462695
          5  |   2.820592   .3840539     7.62   0.000     2.159932    3.683329
          6  |   3.442934    .500993     8.50   0.000     2.588615    4.579204
          7  |   3.875875   .6161386     8.52   0.000     2.838287    5.292772
          8  |   3.643332   .7670095     6.14   0.000     2.411572    5.504239
          9  |   1.309537    .388302     0.91   0.363     .7323539    2.341612
         10  |   1.560677   .2812276     2.47   0.014     1.096301    2.221754
         11  |   2.507693   1.471624     1.57   0.117     .7938749    7.921307
         12  |   1.505642   .4802746     1.28   0.200     .8057541     2.81346
------------------------------------------------------------------------------

.         estimates save analysis/output/models/an_cox_DEATHvsflu_MINADJ, repla
> ce
(note: file analysis/output/models/an_cox_DEATHvsflu_MINADJ.ster not found)
file analysis/output/models/an_cox_DEATHvsflu_MINADJ.ster saved

.         stcox exposed age1 age2 age3 male i.region_real  i.monthentry i.ethni
> city i.imd 

         failure _d:  deathindicator
   analysis time _t:  (deathexit-origin)
             origin:  time entrydate
  enter on or after:  time entrydate

Iteration 0:   log likelihood = -16569.773
Iteration 1:   log likelihood =  -15600.52
Iteration 2:   log likelihood = -15471.794
Iteration 3:   log likelihood = -15466.182
Iteration 4:   log likelihood = -15465.942
Iteration 5:   log likelihood = -15465.941
Iteration 6:   log likelihood = -15465.941
Refining estimates:
Iteration 0:   log likelihood = -15465.941

Cox regression -- Breslow method for ties

No. of subjects =       24,393                  Number of obs    =      24,393
No. of failures =        1,660
Time at risk    =      7171588
                                                LR chi2(32)      =     2207.66
Log likelihood  =   -15465.941                  Prob > chi2      =      0.0000

------------------------------------------------------------------------------
          _t | Haz. Ratio   Std. Err.      z    P>|z|     [95% Conf. Interval]
-------------+----------------------------------------------------------------
     exposed |   2.526838   .3060942     7.65   0.000     1.992807    3.203979
        age1 |   1.080054   .0146072     5.69   0.000     1.051801    1.109067
        age2 |   .9900447   .0171238    -0.58   0.563     .9570452    1.024182
        age3 |   .9830072   .0825944    -0.20   0.838     .8337519    1.158982
        male |   1.218621   .0608487     3.96   0.000      1.10501    1.343913
             |
 region_real |
East Midl..  |   1.082292   .0872865     0.98   0.327     .9240501    1.267634
     London  |   .8408477    .099858    -1.46   0.144     .6662386    1.061219
 North East  |   1.136228   .1146092     1.27   0.205     .9324092    1.384601
 North West  |   1.125225   .1038126     1.28   0.201     .9390921    1.348251
 South East  |   1.010653   .1358695     0.08   0.937      .776549    1.315332
 South West  |   .8643785   .0965651    -1.30   0.192     .6944019    1.075962
West Midl..  |   .9371989   .1152921    -0.53   0.598     .7364086    1.192737
Yorkshire..  |   .9671811   .0836644    -0.39   0.700     .8163492    1.145881
             |
  monthentry |
          2  |   1.511981   .2230153     2.80   0.005     1.132388    2.018819
          3  |   1.714531   .2557584     3.61   0.000     1.279884    2.296783
          4  |   1.897532   .2903957     4.19   0.000     1.405796    2.561272
          5  |   2.859576   .4504412     6.67   0.000     2.100004    3.893885
          6  |   3.560565   .5973179     7.57   0.000     2.562843    4.946703
          7  |     3.7618   .6966753     7.15   0.000     2.616709     5.40799
          8  |     3.8055   .9253827     5.50   0.000      2.36279    6.129122
          9  |   1.572176   .5117806     1.39   0.165     .8306435    2.975688
         10  |   1.615868   .3312227     2.34   0.019     1.081249    2.414829
         11  |   3.387498   2.000095     2.07   0.039      1.06488      10.776
         12  |   1.173605   .4998804     0.38   0.707     .5092898    2.704451
             |
   ethnicity |
      Mixed  |    .991615   .2892873    -0.03   0.977     .5597822    1.756576
Asian or ..  |   .5245028    .064524    -5.25   0.000     .4121294    .6675167
      Black  |   .7137543   .1330304    -1.81   0.070      .495337    1.028482
      Other  |   .6442015   .1817381    -1.56   0.119     .3705834    1.119844
             |
         imd |
          2  |   .9907993   .0748679    -0.12   0.903     .8544099    1.148961
          3  |   .9512199   .0750313    -0.63   0.526     .8149649    1.110255
          4  |   1.123793   .0874992     1.50   0.134     .9647419    1.309065
5 most de..  |   1.041931   .0851347     0.50   0.615     .8877452    1.222895
------------------------------------------------------------------------------

.         estimates save analysis/output/models/an_cox_DEATHvsflu_DEMOGADJ, rep
> lace
(note: file analysis/output/models/an_cox_DEATHvsflu_DEMOGADJ.ster not found)
file analysis/output/models/an_cox_DEATHvsflu_DEMOGADJ.ster saved

.         stcox exposed age1 age2 age3 male i.region_real  i.monthentry  i.ethn
> icity i.imd i.obese4cat i.smoke_nomiss 

         failure _d:  deathindicator
   analysis time _t:  (deathexit-origin)
             origin:  time entrydate
  enter on or after:  time entrydate

Iteration 0:   log likelihood = -16569.773
Iteration 1:   log likelihood = -15560.711
Iteration 2:   log likelihood =  -15430.54
Iteration 3:   log likelihood = -15425.306
Iteration 4:   log likelihood = -15425.098
Iteration 5:   log likelihood = -15425.097
Iteration 6:   log likelihood = -15425.097
Refining estimates:
Iteration 0:   log likelihood = -15425.097

Cox regression -- Breslow method for ties

No. of subjects =       24,393                  Number of obs    =      24,393
No. of failures =        1,660
Time at risk    =      7171588
                                                LR chi2(37)      =     2289.35
Log likelihood  =   -15425.097                  Prob > chi2      =      0.0000

------------------------------------------------------------------------------
          _t | Haz. Ratio   Std. Err.      z    P>|z|     [95% Conf. Interval]
-------------+----------------------------------------------------------------
     exposed |   2.656526   .3209175     8.09   0.000     2.096457    3.366217
        age1 |   1.080416   .0144631     5.78   0.000     1.052438    1.109138
        age2 |   .9883906   .0169734    -0.68   0.497     .9556769    1.022224
        age3 |   .9927179   .0830363    -0.09   0.930     .8426102    1.169567
        male |   1.181185   .0599755     3.28   0.001     1.069295    1.304783
             |
 region_real |
East Midl..  |   1.098207   .0885978     1.16   0.246     .9375918    1.286338
     London  |   .8369856   .0995164    -1.50   0.134     .6629966    1.056634
 North East  |   1.149435   .1159253     1.38   0.167     .9432727    1.400657
 North West  |     1.1348   .1047072     1.37   0.171     .9470648    1.359751
 South East  |   1.021412   .1373168     0.16   0.875     .7848139    1.329336
 South West  |   .8840204   .0988931    -1.10   0.270      .709971    1.100738
West Midl..  |    .924167    .113732    -0.64   0.522     .7261024    1.176259
Yorkshire..  |   .9694421   .0838875    -0.36   0.720     .8182122    1.148624
             |
  monthentry |
          2  |   1.512238   .2230881     2.80   0.005     1.132529    2.019254
          3  |   1.733744   .2586297     3.69   0.000     1.294219    2.322535
          4  |   1.951816   .2986916     4.37   0.000      1.44603    2.634514
          5  |   2.894504   .4560297     6.75   0.000      2.12553    3.941678
          6  |   3.572857    .599402     7.59   0.000     2.571659    4.963841
          7  |   3.754175   .6956397     7.14   0.000     2.610892    5.398091
          8  |   3.869296   .9417205     5.56   0.000     2.401397    6.234474
          9  |   1.635709   .5328782     1.51   0.131     .8637803    3.097483
         10  |   1.696434   .3476591     2.58   0.010     1.135261    2.535001
         11  |   3.373473   1.991992     2.06   0.039     1.060361     10.7325
         12  |   1.206684    .514027     0.44   0.659     .5235959    2.780937
             |
   ethnicity |
      Mixed  |   1.045044    .305215     0.15   0.880     .5895667    1.852405
Asian or ..  |    .543087   .0676118    -4.90   0.000     .4254992    .6931705
      Black  |   .7606661   .1421586    -1.46   0.143     .5273701    1.097167
      Other  |   .6662435   .1881605    -1.44   0.150     .3830334    1.158856
             |
         imd |
          2  |   .9821907   .0742679    -0.24   0.812      .846901    1.139093
          3  |   .9411351   .0743229    -0.77   0.442     .8061786    1.098684
          4  |   1.107242   .0864654     1.30   0.192     .9501048    1.290368
5 most de..  |   1.010135   .0830857     0.12   0.902     .8597381    1.186841
             |
   obese4cat |
Obese I ..)  |   .7482278   .0507242    -4.28   0.000      .655132    .8545527
Obese II..)  |   .7259564   .0742585    -3.13   0.002     .5940741     .887116
Obese II..)  |   .6149416   .0957606    -3.12   0.002     .4531919    .8344218
             |
smoke_nomiss |
     Former  |   1.093495   .0628371     1.56   0.120      .977019    1.223857
    Current  |   1.802746   .1584118     6.71   0.000      1.51753    2.141567
------------------------------------------------------------------------------

.         estimates save analysis/output/models/an_cox_DEATHvsflu_DEMOGLSTYLADJ
> , replace
(note: file analysis/output/models/an_cox_DEATHvsflu_DEMOGLSTYLADJ.ster not fou
> nd)
file analysis/output/models/an_cox_DEATHvsflu_DEMOGLSTYLADJ.ster saved

.         stcox exposed age1 age2 age3 male i.region_real  i.monthentry i.ethni
> city i.imd i.obese4cat i.smoke_nomiss htdiag chronic_respiratory_disease i.as
> thmacat chronic_cardiac_disease i.diabcat i.cancer_exhaem_cat i.cancer_haem_c
> at i.reduced_kidney_function_cat2 chronic_liver_disease stroke dementia other
> _neuro organ_transplant spleen ra_sle_psoriasis other_immunosuppression 

         failure _d:  deathindicator
   analysis time _t:  (deathexit-origin)
             origin:  time entrydate
  enter on or after:  time entrydate

Iteration 0:   log likelihood = -16569.773
Iteration 1:   log likelihood = -15743.126
Iteration 2:   log likelihood = -15294.727
Iteration 3:   log likelihood = -15264.518
Iteration 4:   log likelihood = -15263.674
Iteration 5:   log likelihood = -15263.673
Refining estimates:
Iteration 0:   log likelihood = -15263.673

Cox regression -- Breslow method for ties

No. of subjects =       24,393                  Number of obs    =      24,393
No. of failures =        1,660
Time at risk    =      7171588
                                                LR chi2(62)      =     2612.20
Log likelihood  =   -15263.673                  Prob > chi2      =      0.0000

------------------------------------------------------------------------------
          _t | Haz. Ratio   Std. Err.      z    P>|z|     [95% Conf. Interval]
-------------+----------------------------------------------------------------
     exposed |   2.784494   .3370681     8.46   0.000     2.196376     3.53009
        age1 |   1.071742    .014136     5.25   0.000     1.044391    1.099809
        age2 |   .9862839   .0168146    -0.81   0.418     .9538725    1.019797
        age3 |    1.04709   .0874966     0.55   0.582     .8889068    1.233423
        male |   1.119391   .0578207     2.18   0.029     1.011612    1.238653
             |
 region_real |
East Midl..  |   1.097843    .088849     1.15   0.249      .936811    1.286555
     London  |   .8380797   .1004505    -1.47   0.141     .6626162    1.060007
 North East  |   1.084647   .1098467     0.80   0.422     .8893724    1.322797
 North West  |   1.127182    .104351     1.29   0.196     .9401395    1.351436
 South East  |   .9489559   .1278815    -0.39   0.697     .7286819    1.235817
 South West  |   .8904521   .0998755    -1.03   0.301     .7147226    1.109388
West Midl..  |   .9163668   .1127127    -0.71   0.478     .7200654    1.166183
Yorkshire..  |    .941707   .0817891    -0.69   0.489     .7943049    1.116463
             |
  monthentry |
          2  |   1.482015   .2188259     2.66   0.008     1.109607    1.979412
          3  |   1.706296   .2547224     3.58   0.000     1.273455    2.286256
          4  |   1.912492   .2933937     4.23   0.000     1.415851    2.583341
          5  |   2.754891   .4349358     6.42   0.000     2.021709    3.753964
          6  |   3.343067   .5611698     7.19   0.000     2.405812    4.645456
          7  |   3.556246   .6617064     6.82   0.000     2.469504    5.121225
          8  |   3.399553   .8311923     5.00   0.000     2.105245    5.489604
          9  |   1.736141   .5656424     1.69   0.090     .9167688    3.287837
         10  |   1.714513   .3520649     2.63   0.009     1.146441     2.56407
         11  |    2.50033   1.479012     1.55   0.121      .784312    7.970872
         12  |   1.170271   .4988603     0.37   0.712     .5075025    2.698575
             |
   ethnicity |
      Mixed  |   1.144824   .3350605     0.46   0.644     .6450807    2.031718
Asian or ..  |   .5844335   .0739994    -4.24   0.000     .4559931    .7490518
      Black  |   .8124813   .1530504    -1.10   0.270     .5616543    1.175324
      Other  |   .6736175   .1905844    -1.40   0.163     .3868884    1.172846
             |
         imd |
          2  |   .9563262   .0724605    -0.59   0.556     .8243483    1.109434
          3  |   .8892487   .0704663    -1.48   0.139     .7613281    1.038663
          4  |   1.064188   .0834616     0.79   0.428     .9125583    1.241012
5 most de..  |    .970195   .0801725    -0.37   0.714     .8251247    1.140771
             |
   obese4cat |
Obese I ..)  |   .7573136   .0520773    -4.04   0.000     .6618235    .8665813
Obese II..)  |   .7496236    .077467    -2.79   0.005       .61218    .9179254
Obese II..)  |   .6696219   .1054979    -2.55   0.011     .4917271    .9118748
             |
smoke_nomiss |
     Former  |   .9950566   .0589297    -0.08   0.933     .8860078    1.117527
    Current  |   1.523337   .1387191     4.62   0.000     1.274334    1.820994
             |
htdiag_or_~p |   .9015039   .0530432    -1.76   0.078     .8033118    1.011698
chronic_re~e |   1.409369   .0811005     5.96   0.000     1.259051    1.577634
             |
   asthmacat |
Yes, no OCS  |    .894091    .069216    -1.45   0.148     .7682207    1.040585
Yes with ..  |   .7076125   .0938627    -2.61   0.009     .5456148    .9177088
             |
chronic_ca~e |   1.183495    .063466     3.14   0.002     1.065418    1.314658
             |
     diabcat |
Controlle..  |   1.023491    .064686     0.37   0.713     .9042467     1.15846
Uncontrol..  |   1.064157   .0861731     0.77   0.443     .9079819    1.247194
Diabetes,..  |   1.459105    .252596     2.18   0.029     1.039272    2.048539
             |
cancer_exh~t |
  Last year  |   3.683784   .3588084    13.39   0.000     3.043584    4.458646
2-5 years..  |   1.816771   .1857801     5.84   0.000     1.486818    2.219948
   5+ years  |   1.229057   .0939798     2.70   0.007     1.057999    1.427773
             |
cancer_hae~t |
  Last year  |   3.037621   .7724195     4.37   0.000     1.845382    5.000124
2-5 years..  |   2.051714   .3764059     3.92   0.000     1.432043    2.939528
   5+ years  |   1.295907   .2499631     1.34   0.179     .8879499    1.891295
             |
reduced_ki~2 |
Stage 3a/..  |   1.062307   .0630092     1.02   0.308     .9457195    1.193268
Stage 4 e..  |   1.355181   .1562057     2.64   0.008     1.081143     1.69868
Stage 5 e..  |   1.998065   .2987473     4.63   0.000     1.490525    2.678427
             |
chronic_li~e |   1.769147   .2589615     3.90   0.000     1.327908    2.357001
      stroke |   1.190907   .0868635     2.40   0.017     1.032267    1.373927
    dementia |   1.253084   .1413674     2.00   0.046     1.004504     1.56318
 other_neuro |   1.251566   .1386707     2.03   0.043     1.007262    1.555124
organ_tran~t |   1.297785   .3631194     0.93   0.352     .7499586    2.245786
      spleen |   .9547646   .3402982    -0.13   0.897     .4747994    1.919917
ra_sle_pso~s |   1.196682   .0939998     2.29   0.022     1.025928    1.395857
other_immu~n |   1.516686    .512308     1.23   0.218     .7823048    2.940462
------------------------------------------------------------------------------

.         estimates save analysis/output/models/an_cox_DEATHvsflu_FULLADJ, repl
> ace
(note: file analysis/output/models/an_cox_DEATHvsflu_FULLADJ.ster not found)
file analysis/output/models/an_cox_DEATHvsflu_FULLADJ.ster saved

. 
. restore

. 
. *vs 2019 general pop controls
. preserve

.         include analysis/setfordeath.doi

. 
. *Code chunk for looking at death outcome
. 
. summ died_date_ons, f d

                        died_date_ons
-------------------------------------------------------------
      Percentiles      Smallest
 1%    17mar2019      01feb2019
 5%    03may2019      01feb2019
10%    12jun2019      01feb2019       Obs              37,000
25%    19sep2019      01feb2019       Sum of Wgt.      37,000

50%    08feb2020                      Mean          26feb2020
                        Largest       Std. Dev.      199.3367
75%    05aug2020      12mar2021
90%    21dec2020      12mar2021       Variance       39735.13
95%    24jan2021      12mar2021       Skewness       .1845416
99%    26feb2021      14mar2021       Kurtosis       1.955246

. scalar deathcensor = r(max)-30

. gen deathexit = died_date_ons if died_date_ons<deathcensor
(151,050 missing values generated)

. gen deathindicator = died_date_ons<deathcensor

. replace deathexit = deathcensor if deathexit==.
(151,050 real changes made)

. gen deathfup = deathexit-entrydate

. summ deathfup if group==1

    Variable |        Obs        Mean    Std. Dev.       Min        Max
-------------+---------------------------------------------------------
    deathfup |     15,901    238.0728     82.6246          0        359

. local maxfupexposed = r(max)

. replace deathindicator = 0 if deathexit>(entrydate + `maxfupexposed')
(11,082 real changes made)

. replace deathexit = entrydate + r(max) if deathexit>(entrydate + `maxfupexpos
> ed')
(147,884 real changes made)

. stset deathexit, enter(entrydate) fail(deathindicator) origin(entrydate)

     failure event:  deathindicator != 0 & deathindicator < .
obs. time interval:  (origin, deathexit]
 enter on or after:  time entrydate
 exit on or before:  failure
    t for analysis:  (time-origin)
            origin:  time entrydate

------------------------------------------------------------------------------
    187,139  total observations
        244  observations end on or before enter()
------------------------------------------------------------------------------
    186,895  observations remaining, representing
     24,763  failures in single-record/single-failure data
   60202610  total analysis time at risk and under observation
                                                at risk from t =         0
                                     earliest observed entry t =         0
                                          last observed exit t =       359

. 
.         keep if group==1|group==4
(91,736 observations deleted)

.         stcox exposed age1 age2 age3 male i.stp i.monthentry 

         failure _d:  deathindicator
   analysis time _t:  (deathexit-origin)
             origin:  time entrydate
  enter on or after:  time entrydate

Iteration 0:   log likelihood = -47544.756
Iteration 1:   log likelihood = -45585.542
Iteration 2:   log likelihood = -43730.428
Iteration 3:   log likelihood = -43346.285
Iteration 4:   log likelihood = -43332.722
Iteration 5:   log likelihood = -43332.492
Iteration 6:   log likelihood = -43332.479
Iteration 7:   log likelihood = -43332.474
Iteration 8:   log likelihood = -43332.472
Iteration 9:   log likelihood = -43332.472
Iteration 10:  log likelihood = -43332.471
Iteration 11:  log likelihood = -43332.471
Iteration 12:  log likelihood = -43332.471
Iteration 13:  log likelihood = -43332.471
Iteration 14:  log likelihood = -43332.471
Iteration 15:  log likelihood = -43332.471
Iteration 16:  log likelihood = -43332.471
Iteration 17:  log likelihood = -43332.471
Iteration 18:  log likelihood = -43332.471
Iteration 19:  log likelihood = -43332.471
Iteration 20:  log likelihood = -43332.471
Iteration 21:  log likelihood = -43332.471
Iteration 22:  log likelihood = -43332.471
Refining estimates:
Iteration 0:   log likelihood = -43332.471

Cox regression -- Breslow method for ties

No. of subjects =       95,360                  Number of obs    =      95,360
No. of failures =        4,169
Time at risk    =     31910081
                                                LR chi2(42)      =     8424.57
Log likelihood  =   -43332.471                  Prob > chi2      =      0.0000

------------------------------------------------------------------------------
          _t | Haz. Ratio   Std. Err.      z    P>|z|     [95% Conf. Interval]
-------------+----------------------------------------------------------------
     exposed |    12.0795   1.114043    27.02   0.000     10.08198    14.47277
        age1 |   1.103341   .0080733    13.44   0.000      1.08763    1.119278
        age2 |   .9708053   .0052799    -5.45   0.000     .9605119    .9812091
        age3 |   1.129186   .0104009    13.19   0.000     1.108984    1.149756
        male |    1.27283    .040294     7.62   0.000     1.196256    1.354307
             |
         stp |
          2  |   3.14e+09   3.14e+09    21.84   0.000     4.41e+08    2.23e+10
          3  |   4.02e+09   4.03e+09    22.06   0.000     5.64e+08    2.87e+10
          4  |   4.12e+09   4.14e+09    22.00   0.000     5.73e+08    2.96e+10
          5  |   4.17e+09   4.22e+09    21.87   0.000     5.73e+08    3.04e+10
          6  |   4.24e+09   4.25e+09    22.13   0.000     5.96e+08    3.02e+10
          7  |   3.49e+09   3.61e+09    21.27   0.000     4.61e+08    2.64e+10
          8  |   3.55e+09   3.56e+09    21.94   0.000     4.98e+08    2.53e+10
          9  |   3.77e+09   3.79e+09    21.92   0.000     5.25e+08    2.71e+10
         10  |   3.67e+09   3.68e+09    21.96   0.000     5.15e+08    2.62e+10
         11  |   3.74e+09   3.75e+09    21.99   0.000     5.24e+08    2.67e+10
         12  |   4.04e+09   4.07e+09    21.99   0.000     5.63e+08    2.90e+10
         13  |   3.09e+09   3.10e+09    21.78   0.000     4.32e+08    2.21e+10
         14  |   3.16e+09   3.18e+09    21.78   0.000     4.42e+08    2.27e+10
         15  |   2.59e+09   2.61e+09    21.54   0.000     3.61e+08    1.87e+10
         16  |   2.69e+09   2.70e+09    21.58   0.000     3.74e+08    1.93e+10
         17  |   3.24e+09   3.26e+09    21.78   0.000     4.52e+08    2.33e+10
         18  |   3.63e+09   3.63e+09    21.96   0.000     5.08e+08    2.59e+10
         19  |   3.63e+09   3.65e+09    21.93   0.000     5.08e+08    2.60e+10
         20  |   3.83e+09   3.84e+09    21.98   0.000     5.35e+08    2.74e+10
         21  |   2.73e+09   2.74e+09    21.68   0.000     3.83e+08    1.95e+10
         22  |   2.36e+09   2.44e+09    20.89   0.000     3.12e+08    1.79e+10
         23  |   3.04e+09   3.05e+09    21.73   0.000     4.23e+08    2.18e+10
         24  |   2.34e+09   2.50e+09    20.17   0.000     2.87e+08    1.90e+10
         25  |   2.64e+09   2.74e+09    20.95   0.000     3.48e+08    2.01e+10
         26  |   3.42e+09   3.45e+09    21.76   0.000     4.73e+08    2.47e+10
         27  |   3.03e+09   3.06e+09    21.60   0.000     4.17e+08    2.19e+10
         28  |   2.84e+09   2.87e+09    21.48   0.000     3.89e+08    2.07e+10
         29  |   3.14e+09   3.16e+09    21.72   0.000     4.37e+08    2.26e+10
         30  |   2.57e+09   2.61e+09    21.33   0.000     3.51e+08    1.88e+10
         31  |   2.12e+09          .        .       .            .           .
         32  |   4.18e+09   4.19e+09    22.12   0.000     5.87e+08    2.98e+10
             |
  monthentry |
          3  |    3413303   497210.1   103.27   0.000      2565558     4541172
          4  |    2967262   355734.5   124.31   0.000      2345894     3753214
          5  |    3508222   421779.7   125.35   0.000      2771727     4440416
          6  |    4165320   518983.4   122.33   0.000      3262811     5317469
          7  |    4368197   583264.7   114.51   0.000      3362368     5674912
          8  |    4334656          .        .       .            .           .
          9  |    2959328   484706.7    90.97   0.000      2146719     4079537
         10  |    3230753   431076.9   112.33   0.000      2487302     4196419
------------------------------------------------------------------------------

.         estimates save analysis/output/models/an_cox_DEATHvs2019gp_MINADJ, re
> place
(note: file analysis/output/models/an_cox_DEATHvs2019gp_MINADJ.ster not found)
file analysis/output/models/an_cox_DEATHvs2019gp_MINADJ.ster saved

.         stcox exposed age1 age2 age3 male i.stp i.monthentry i.ethnicity i.im
> d 

         failure _d:  deathindicator
   analysis time _t:  (deathexit-origin)
             origin:  time entrydate
  enter on or after:  time entrydate

Iteration 0:   log likelihood = -33766.439
Iteration 1:   log likelihood = -32327.225
Iteration 2:   log likelihood = -30941.035
Iteration 3:   log likelihood = -30624.325
Iteration 4:   log likelihood = -30614.634
Iteration 5:   log likelihood = -30614.507
Iteration 6:   log likelihood = -30614.498
Iteration 7:   log likelihood = -30614.495
Iteration 8:   log likelihood = -30614.494
Iteration 9:   log likelihood = -30614.494
Iteration 10:  log likelihood = -30614.494
Iteration 11:  log likelihood = -30614.494
Iteration 12:  log likelihood = -30614.493
Iteration 13:  log likelihood = -30614.493
Iteration 14:  log likelihood = -30614.493
Iteration 15:  log likelihood = -30614.493
Iteration 16:  log likelihood = -30614.493
Iteration 17:  log likelihood = -30614.493
Iteration 18:  log likelihood = -30614.493
Iteration 19:  log likelihood = -30614.493
Iteration 20:  log likelihood = -30614.493
Iteration 21:  log likelihood = -30614.493
Refining estimates:
Iteration 0:   log likelihood = -30614.493

Cox regression -- Breslow method for ties

No. of subjects =       71,724                  Number of obs    =      71,724
No. of failures =        3,037
Time at risk    =     23944692
                                                LR chi2(50)      =     6303.89
Log likelihood  =   -30614.493                  Prob > chi2      =      0.0000

------------------------------------------------------------------------------
          _t | Haz. Ratio   Std. Err.      z    P>|z|     [95% Conf. Interval]
-------------+----------------------------------------------------------------
     exposed |   12.20757   1.312144    23.28   0.000     9.888651    15.07029
        age1 |   1.104302   .0093891    11.67   0.000     1.086052    1.122858
        age2 |   .9689937    .006118    -4.99   0.000     .9570764    .9810593
        age3 |   1.135222   .0122216    11.78   0.000     1.111519    1.159431
        male |   1.264693   .0469433     6.33   0.000     1.175952    1.360129
             |
         stp |
          2  |   1.38e+09   1.39e+09    21.00   0.000     1.94e+08    9.86e+09
          3  |   1.79e+09   1.80e+09    21.23   0.000     2.51e+08    1.28e+10
          4  |   1.89e+09   1.90e+09    21.17   0.000     2.61e+08    1.36e+10
          5  |   1.98e+09   2.01e+09    21.05   0.000     2.69e+08    1.45e+10
          6  |   1.75e+09   1.76e+09    21.22   0.000     2.45e+08    1.25e+10
          7  |   1.28e+09   1.35e+09    19.98   0.000     1.64e+08    1.00e+10
          8  |   1.49e+09   1.50e+09    21.04   0.000     2.08e+08    1.07e+10
          9  |   1.45e+09   1.47e+09    20.90   0.000     2.01e+08    1.05e+10
         10  |   1.55e+09   1.56e+09    21.08   0.000     2.17e+08    1.11e+10
         11  |   1.77e+09   1.78e+09    21.22   0.000     2.48e+08    1.27e+10
         12  |   1.75e+09   1.77e+09    21.11   0.000     2.43e+08    1.27e+10
         13  |   1.28e+09   1.29e+09    20.87   0.000     1.79e+08    9.20e+09
         14  |   1.33e+09   1.34e+09    20.87   0.000     1.85e+08    9.59e+09
         15  |   1.22e+09   1.23e+09    20.75   0.000     1.69e+08    8.81e+09
         16  |   1.19e+09   1.20e+09    20.72   0.000     1.65e+08    8.58e+09
         17  |   1.19e+09   1.21e+09    20.71   0.000     1.65e+08    8.63e+09
         18  |   1.62e+09   1.62e+09    21.12   0.000     2.26e+08    1.16e+10
         19  |   1.56e+09   1.57e+09    21.04   0.000     2.18e+08    1.12e+10
         20  |   1.65e+09   1.66e+09    21.09   0.000     2.30e+08    1.19e+10
         21  |   1.29e+09   1.29e+09    20.91   0.000     1.81e+08    9.22e+09
         22  |   7.38e+08   7.83e+08    19.23   0.000     9.21e+07    5.91e+09
         23  |   1.44e+09   1.46e+09    20.90   0.000     2.00e+08    1.04e+10
         24  |   3.83e+08   5.42e+08    13.96   0.000     2.39e+07    6.13e+09
         25  |   5.70e+08   6.58e+08    17.45   0.000     5.92e+07    5.48e+09
         26  |   1.56e+09   1.58e+09    20.86   0.000     2.14e+08    1.14e+10
         27  |   1.38e+09   1.41e+09    20.68   0.000     1.88e+08    1.02e+10
         28  |   1.18e+09   1.21e+09    20.47   0.000     1.60e+08    8.74e+09
         29  |   1.53e+09   1.54e+09    20.94   0.000     2.11e+08    1.11e+10
         30  |   1.20e+09   1.23e+09    20.39   0.000     1.61e+08    8.95e+09
         31  |   1.39e+09          .        .       .            .           .
         32  |   1.66e+09   1.67e+09    21.18   0.000     2.33e+08    1.19e+10
             |
  monthentry |
          3  |    3547806   606350.5    88.25   0.000      2537945     4959495
          4  |    3275727   455462.7   107.90   0.000      2494337     4301899
          5  |    3780306   528845.9   108.26   0.000      2873744     4972855
          6  |    4505287   653461.4   105.63   0.000      3390482     5986644
          7  |    4744457   739523.4    98.62   0.000      3495497     6439679
          8  |    4659362   891232.3    80.27   0.000      3202657     6778637
          9  |    3113310          .        .       .            .           .
         10  |    3199657   495604.9    96.70   0.000      2361882     4334597
             |
   ethnicity |
      Mixed  |   .6652373   .1933218    -1.40   0.161     .3763678     1.17582
Asian or ..  |   .6241167   .0583448    -5.04   0.000     .5196277    .7496168
      Black  |   .7046956   .1033888    -2.39   0.017     .5285892    .9394742
      Other  |   .5147956   .1227498    -2.78   0.005      .322605    .8214831
             |
         imd |
          2  |   1.046307   .0618684     0.77   0.444     .9318098    1.174873
          3  |   1.139174   .0676295     2.19   0.028     1.014044    1.279745
          4  |   1.310499   .0772072     4.59   0.000     1.167585    1.470905
5 most de..  |   1.292397   .0780696     4.25   0.000     1.148094    1.454836
------------------------------------------------------------------------------

.         estimates save analysis/output/models/an_cox_DEATHvs2019gp_DEMOGADJ, 
> replace
(note: file analysis/output/models/an_cox_DEATHvs2019gp_DEMOGADJ.ster not found
> )
file analysis/output/models/an_cox_DEATHvs2019gp_DEMOGADJ.ster saved

.         stcox exposed age1 age2 age3 male i.stp i.monthentry  i.ethnicity i.i
> md i.obese4cat i.smoke_nomiss 

         failure _d:  deathindicator
   analysis time _t:  (deathexit-origin)
             origin:  time entrydate
  enter on or after:  time entrydate

Iteration 0:   log likelihood = -33766.439
Iteration 1:   log likelihood = -32261.961
Iteration 2:   log likelihood = -30849.602
Iteration 3:   log likelihood = -30533.689
Iteration 4:   log likelihood = -30524.226
Iteration 5:   log likelihood = -30524.103
Iteration 6:   log likelihood = -30524.095
Iteration 7:   log likelihood = -30524.091
Iteration 8:   log likelihood =  -30524.09
Iteration 9:   log likelihood =  -30524.09
Iteration 10:  log likelihood =  -30524.09
Iteration 11:  log likelihood =  -30524.09
Iteration 12:  log likelihood =  -30524.09
Iteration 13:  log likelihood =  -30524.09
Iteration 14:  log likelihood =  -30524.09
Iteration 15:  log likelihood =  -30524.09
Iteration 16:  log likelihood =  -30524.09
Iteration 17:  log likelihood =  -30524.09
Iteration 18:  log likelihood =  -30524.09
Iteration 19:  log likelihood =  -30524.09
Iteration 20:  log likelihood =  -30524.09
Iteration 21:  log likelihood =  -30524.09
Refining estimates:
Iteration 0:   log likelihood =  -30524.09

Cox regression -- Breslow method for ties

No. of subjects =       71,724                  Number of obs    =      71,724
No. of failures =        3,037
Time at risk    =     23944692
                                                LR chi2(55)      =     6484.70
Log likelihood  =    -30524.09                  Prob > chi2      =      0.0000

------------------------------------------------------------------------------
          _t | Haz. Ratio   Std. Err.      z    P>|z|     [95% Conf. Interval]
-------------+----------------------------------------------------------------
     exposed |   13.46157   1.454938    24.05   0.000     10.89173    16.63774
        age1 |   1.103279   .0093486    11.60   0.000     1.085107    1.121754
        age2 |    .969003   .0061065    -5.00   0.000     .9571082    .9810457
        age3 |   1.144221   .0123534    12.48   0.000     1.120263    1.168691
        male |   1.203678   .0455941     4.89   0.000     1.117552    1.296442
             |
         stp |
          2  |   1.32e+09   1.32e+09    20.95   0.000     1.85e+08    9.39e+09
          3  |   1.70e+09   1.71e+09    21.17   0.000     2.38e+08    1.22e+10
          4  |   1.78e+09   1.79e+09    21.11   0.000     2.46e+08    1.28e+10
          5  |   1.88e+09   1.91e+09    21.00   0.000     2.56e+08    1.38e+10
          6  |   1.69e+09   1.69e+09    21.19   0.000     2.36e+08    1.20e+10
          7  |   1.26e+09   1.32e+09    19.96   0.000     1.61e+08    9.84e+09
          8  |   1.45e+09   1.46e+09    21.01   0.000     2.03e+08    1.04e+10
          9  |   1.39e+09   1.40e+09    20.85   0.000     1.91e+08    1.00e+10
         10  |   1.51e+09   1.52e+09    21.05   0.000     2.11e+08    1.08e+10
         11  |   1.69e+09   1.69e+09    21.17   0.000     2.36e+08    1.21e+10
         12  |   1.68e+09   1.69e+09    21.07   0.000     2.33e+08    1.21e+10
         13  |   1.21e+09   1.22e+09    20.81   0.000     1.69e+08    8.67e+09
         14  |   1.28e+09   1.28e+09    20.83   0.000     1.77e+08    9.17e+09
         15  |   1.18e+09   1.19e+09    20.71   0.000     1.63e+08    8.49e+09
         16  |   1.15e+09   1.16e+09    20.69   0.000     1.59e+08    8.31e+09
         17  |   1.14e+09   1.15e+09    20.66   0.000     1.57e+08    8.21e+09
         18  |   1.54e+09   1.55e+09    21.07   0.000     2.16e+08    1.11e+10
         19  |   1.46e+09   1.47e+09    20.97   0.000     2.03e+08    1.05e+10
         20  |   1.59e+09   1.60e+09    21.05   0.000     2.21e+08    1.14e+10
         21  |   1.22e+09   1.23e+09    20.85   0.000     1.71e+08    8.74e+09
         22  |   6.91e+08   7.34e+08    19.17   0.000     8.63e+07    5.54e+09
         23  |   1.38e+09   1.39e+09    20.86   0.000     1.91e+08    9.95e+09
         24  |   3.72e+08   5.27e+08    13.95   0.000     2.32e+07    5.96e+09
         25  |   5.73e+08   6.62e+08    17.46   0.000     5.96e+07    5.52e+09
         26  |   1.52e+09   1.54e+09    20.83   0.000     2.07e+08    1.11e+10
         27  |   1.34e+09   1.36e+09    20.64   0.000     1.82e+08    9.82e+09
         28  |   1.18e+09   1.21e+09    20.47   0.000     1.60e+08    8.74e+09
         29  |   1.47e+09   1.49e+09    20.90   0.000     2.04e+08    1.07e+10
         30  |   1.19e+09   1.22e+09    20.38   0.000     1.60e+08    8.91e+09
         31  |   1.31e+09          .        .       .            .           .
         32  |   1.60e+09   1.60e+09    21.14   0.000     2.24e+08    1.14e+10
             |
  monthentry |
          3  |    3166829   541252.6    87.58   0.000      2265391     4426966
          4  |    2974390   413674.2   107.17   0.000      2264717     3906447
          5  |    3408028     476956   107.48   0.000      2590460     4483627
          6  |    4048567   587453.5   104.85   0.000      3046426     5380369
          7  |    4210148   656529.4    97.81   0.000      3101425     5715228
          8  |    4280063   818975.3    79.80   0.000      2941546     6227657
          9  |    2847773          .        .       .            .           .
         10  |    2902182   449563.6    96.06   0.000      2142244     3931699
             |
   ethnicity |
      Mixed  |   .7294819   .2121296    -1.08   0.278     .4125622    1.289851
Asian or ..  |     .68515   .0646518    -4.01   0.000     .5694623    .8243399
      Black  |   .7591846   .1114609    -1.88   0.061     .5693467     1.01232
      Other  |   .5306723   .1265849    -2.66   0.008     .3324937    .8469727
             |
         imd |
          2  |   1.030855   .0609838     0.51   0.607      .917998    1.157586
          3  |    1.11569    .066299     1.84   0.065     .9930282    1.253503
          4  |   1.256827    .074331     3.87   0.000     1.119267    1.411292
5 most de..  |   1.209581   .0736861     3.12   0.002     1.073447    1.362978
             |
   obese4cat |
Obese I ..)  |   .8007923   .0422464    -4.21   0.000     .7221279     .888026
Obese II..)  |   .8870332   .0742362    -1.43   0.152     .7528395    1.045147
Obese II..)  |   .8590831   .1135115    -1.15   0.250     .6630786    1.113026
             |
smoke_nomiss |
     Former  |   1.244889   .0518919     5.25   0.000     1.147226    1.350865
    Current  |    2.45486   .1651459    13.35   0.000     2.151611    2.800849
------------------------------------------------------------------------------

.         estimates save analysis/output/models/an_cox_DEATHvs2019gp_DEMOGLSTYL
> ADJ, replace
(note: file analysis/output/models/an_cox_DEATHvs2019gp_DEMOGLSTYLADJ.ster not 
> found)
file analysis/output/models/an_cox_DEATHvs2019gp_DEMOGLSTYLADJ.ster saved

.         stcox exposed age1 age2 age3 male i.stp i.monthentry i.ethnicity i.im
> d i.obese4cat i.smoke_nomiss htdiag chronic_respiratory_disease i.asthmacat c
> hronic_cardiac_disease i.diabcat i.cancer_exhaem_cat i.cancer_haem_cat i.redu
> ced_kidney_function_cat2 chronic_liver_disease stroke dementia other_neuro or
> gan_transplant spleen ra_sle_psoriasis other_immunosuppression 

         failure _d:  deathindicator
   analysis time _t:  (deathexit-origin)
             origin:  time entrydate
  enter on or after:  time entrydate

Iteration 0:   log likelihood = -33766.439
Iteration 1:   log likelihood = -32051.022
Iteration 2:   log likelihood = -30481.746
Iteration 3:   log likelihood = -30131.021
Iteration 4:   log likelihood = -30124.925
Iteration 5:   log likelihood = -30124.886
Iteration 6:   log likelihood = -30124.879
Iteration 7:   log likelihood = -30124.877
Iteration 8:   log likelihood = -30124.876
Iteration 9:   log likelihood = -30124.876
Iteration 10:  log likelihood = -30124.876
Iteration 11:  log likelihood = -30124.875
Iteration 12:  log likelihood = -30124.875
Iteration 13:  log likelihood = -30124.875
Iteration 14:  log likelihood = -30124.875
Iteration 15:  log likelihood = -30124.875
Iteration 16:  log likelihood = -30124.875
Iteration 17:  log likelihood = -30124.875
Iteration 18:  log likelihood = -30124.875
Iteration 19:  log likelihood = -30124.875
Iteration 20:  log likelihood = -30124.875
Iteration 21:  log likelihood = -30124.875
Refining estimates:
Iteration 0:   log likelihood = -30124.875

Cox regression -- Breslow method for ties

No. of subjects =       71,724                  Number of obs    =      71,724
No. of failures =        3,037
Time at risk    =     23944692
                                                LR chi2(80)      =     7283.13
Log likelihood  =   -30124.875                  Prob > chi2      =      0.0000

------------------------------------------------------------------------------
          _t | Haz. Ratio   Std. Err.      z    P>|z|     [95% Conf. Interval]
-------------+----------------------------------------------------------------
     exposed |   12.06272   1.311027    22.91   0.000     9.748391    14.92648
        age1 |   1.078377   .0090187     9.02   0.000     1.060845    1.096199
        age2 |   .9808727   .0061468    -3.08   0.002     .9688989    .9929945
        age3 |   1.133266   .0124117    11.42   0.000     1.109199    1.157856
        male |   1.119122   .0431808     2.92   0.004      1.03761    1.207037
             |
         stp |
          2  |   1.78e+09   1.79e+09    21.25   0.000     2.50e+08    1.27e+10
          3  |   2.44e+09   2.45e+09    21.53   0.000     3.41e+08    1.75e+10
          4  |   2.46e+09   2.48e+09    21.43   0.000     3.40e+08    1.77e+10
          5  |   2.64e+09   2.69e+09    21.33   0.000     3.60e+08    1.94e+10
          6  |   2.29e+09   2.30e+09    21.49   0.000     3.21e+08    1.64e+10
          7  |   1.62e+09   1.70e+09    20.19   0.000     2.07e+08    1.27e+10
          8  |   1.99e+09   2.00e+09    21.32   0.000     2.79e+08    1.43e+10
          9  |   2.00e+09   2.01e+09    21.20   0.000     2.76e+08    1.44e+10
         10  |   2.17e+09   2.18e+09    21.40   0.000     3.03e+08    1.55e+10
         11  |   2.40e+09   2.41e+09    21.52   0.000     3.36e+08    1.72e+10
         12  |   2.43e+09   2.46e+09    21.43   0.000     3.37e+08    1.76e+10
         13  |   1.70e+09   1.71e+09    21.14   0.000     2.37e+08    1.22e+10
         14  |   1.74e+09   1.75e+09    21.13   0.000     2.41e+08    1.25e+10
         15  |   1.72e+09   1.73e+09    21.08   0.000     2.38e+08    1.24e+10
         16  |   1.68e+09   1.69e+09    21.05   0.000     2.32e+08    1.21e+10
         17  |   1.47e+09   1.49e+09    20.91   0.000     2.04e+08    1.07e+10
         18  |   2.07e+09   2.07e+09    21.35   0.000     2.88e+08    1.48e+10
         19  |   2.17e+09   2.18e+09    21.36   0.000     3.01e+08    1.56e+10
         20  |   2.29e+09   2.30e+09    21.41   0.000     3.18e+08    1.65e+10
         21  |   1.70e+09   1.71e+09    21.18   0.000     2.38e+08    1.22e+10
         22  |   9.93e+08   1.05e+09    19.51   0.000     1.24e+08    7.96e+09
         23  |   1.85e+09   1.87e+09    21.15   0.000     2.56e+08    1.34e+10
         24  |   5.56e+08   7.87e+08    14.23   0.000     3.47e+07    8.91e+09
         25  |   6.31e+08   7.29e+08    17.53   0.000     6.55e+07    6.08e+09
         26  |   2.23e+09   2.26e+09    21.20   0.000     3.05e+08    1.63e+10
         27  |   1.85e+09   1.88e+09    20.96   0.000     2.51e+08    1.36e+10
         28  |   1.68e+09   1.71e+09    20.81   0.000     2.27e+08    1.24e+10
         29  |   1.99e+09   2.01e+09    21.19   0.000     2.74e+08    1.44e+10
         30  |   1.61e+09   1.65e+09    20.67   0.000     2.15e+08    1.20e+10
         31  |   2.31e+09          .        .       .            .           .
         32  |   2.22e+09   2.23e+09    21.46   0.000     3.11e+08    1.59e+10
             |
  monthentry |
          3  |    3612739   617736.6    88.31   0.000      2583991     5051056
          4  |    3318854   462152.7   107.83   0.000      2526142     4360322
          5  |    3784005   530580.4   108.02   0.000      2874743     4980859
          6  |    4474581   650418.8   105.35   0.000      3365293     5949519
          7  |    4555012   711550.7    98.15   0.000      3353676     6186686
          8  |    4559259   874835.5    79.91   0.000      3130148     6640851
          9  |    3341934          .        .       .            .           .
         10  |    3336630   517389.3    96.87   0.000      2462169     4521664
             |
   ethnicity |
      Mixed  |   .7746761    .225517    -0.88   0.380     .4378504    1.370612
Asian or ..  |   .7090717   .0680251    -3.58   0.000     .5875297    .8557571
      Black  |   .8050954     .11896    -1.47   0.142     .6026634    1.075523
      Other  |   .5407572   .1291536    -2.57   0.010     .3386122    .8635789
             |
         imd |
          2  |   .9974129   .0590962    -0.04   0.965     .8880588    1.120233
          3  |    1.03874   .0619695     0.64   0.524     .9241144    1.167584
          4  |   1.198889   .0712371     3.05   0.002      1.06709    1.346966
5 most de..  |    1.13155    .069279     2.02   0.044     1.003596    1.275817
             |
   obese4cat |
Obese I ..)  |   .7878942   .0420025    -4.47   0.000     .7097257    .8746721
Obese II..)  |   .8867029   .0747967    -1.43   0.154     .7515815    1.046117
Obese II..)  |   .8839377   .1177765    -0.93   0.354     .6807803    1.147721
             |
smoke_nomiss |
     Former  |   1.113805   .0475276     2.53   0.012     1.024441    1.210964
    Current  |   1.992336   .1380056     9.95   0.000     1.739407    2.282043
             |
htdiag_or_~p |   .8867294   .0395404    -2.70   0.007     .8125217    .9677145
chronic_re~e |   1.575949   .0705368    10.16   0.000      1.44359    1.720444
             |
   asthmacat |
Yes, no OCS  |   .8940671   .0535784    -1.87   0.062     .7949879    1.005494
Yes with ..  |   .8456732   .0943009    -1.50   0.133     .6796498    1.052252
             |
chronic_ca~e |   1.285966   .0504601     6.41   0.000     1.190773    1.388768
             |
     diabcat |
Controlle..  |   1.041031   .0487946     0.86   0.391     .9496571    1.141198
Uncontrol..  |     1.1651   .0771472     2.31   0.021     1.023294    1.326556
Diabetes,..  |   1.422026   .1800532     2.78   0.005     1.109508    1.822571
             |
cancer_exh~t |
  Last year  |   4.712115   .3648068    20.02   0.000     4.048711    5.484222
2-5 years..  |   1.861157   .1414674     8.17   0.000     1.603551    2.160146
   5+ years  |   1.273207   .0705002     4.36   0.000     1.142263    1.419162
             |
cancer_hae~t |
  Last year  |    3.18335   .7802221     4.72   0.000     1.969062    5.146469
2-5 years..  |   2.060753   .3525637     4.23   0.000     1.473663    2.881733
   5+ years  |   1.250956   .2058907     1.36   0.174     .9060363    1.727184
             |
reduced_ki~2 |
Stage 3a/..  |   1.070308   .0451747     1.61   0.107      .985331    1.162614
Stage 4 e..  |   1.352835   .1119483     3.65   0.000      1.15029    1.591045
Stage 5 e..  |   2.814498   .3710448     7.85   0.000     2.173623    3.644331
             |
chronic_li~e |   2.097837   .2525797     6.15   0.000     1.656864    2.656173
      stroke |   1.424945   .0764332     6.60   0.000     1.282744    1.582909
    dementia |   1.739013   .1369566     7.03   0.000     1.490274    2.029269
 other_neuro |   1.793097   .1471389     7.12   0.000     1.526706    2.105969
organ_tran~t |   .5875099   .2189415    -1.43   0.154      .283013    1.219619
      spleen |   .5161527   .2119521    -1.61   0.107     .2308034    1.154288
ra_sle_pso~s |   1.148395   .0726014     2.19   0.029     1.014562    1.299883
other_immu~n |   1.614555   .4912417     1.57   0.115     .8893396    2.931149
------------------------------------------------------------------------------

.         estimates save analysis/output/models/an_cox_DEATHvs2019gp_FULLADJ, r
> eplace
(note: file analysis/output/models/an_cox_DEATHvs2019gp_FULLADJ.ster not found)
file analysis/output/models/an_cox_DEATHvs2019gp_FULLADJ.ster saved

. restore

. 
. log close
      name:  <unnamed>
       log:  /workspace/analysis/output/an_cox.log
  log type:  text
 closed on:  31 Mar 2021, 23:41:50
-------------------------------------------------------------------------------
